langcode: en
status: true
dependencies: {  }
id: approved
label: Approved
published: false
default_revision: false
